// Jest Snapshot v1, https://goo.gl/fbAQLP

exports[`<Seasons /> should render and match the snapshot 1`] = `
<div
  class="seasons-wrapper"
>
  <h1
    class="seasons-title"
  >
    F1 World Championships: 2001-2015
  </h1>
  <div
    id="loading-wrapper"
  >
    <div
      id="loading-text"
    >
      LOADING
    </div>
    <div
      id="loading-content"
    />
  </div>
</div>
`;

exports[`<Seasons /> should render and match the snapshot with seasons data 1`] = `
<div
  class="seasons-wrapper"
>
  <h1
    class="seasons-title"
  >
    F1 World Championships: 2001-2015
  </h1>
  <div
    class="react-bootstrap-table"
  >
    <table
      class="table table-condensed"
    >
      <thead>
        <tr>
          <th
            data-row-selection="true"
          >
            <b>
              +
            </b>
          </th>
          <th
            tabindex="0"
          >
            Season
          </th>
          <th
            tabindex="0"
          >
            Winner
          </th>
        </tr>
      </thead>
      <tbody>
        <tr
          class=""
        >
          <td>
            <b>
              ...
            </b>
          </td>
          <td>
            <a
              href="https://en.wikipedia.org/wiki/2001_Formula_One_season"
            >
              2001
            </a>
          </td>
          <td>
            <a
              href="http://en.wikipedia.org/wiki/Michael_Schumacher"
            >
              Michael Schumacher
            </a>
          </td>
        </tr>
        <tr
          class=""
        >
          <td>
            <b>
              ...
            </b>
          </td>
          <td>
            <a
              href="https://en.wikipedia.org/wiki/2002_Formula_One_season"
            >
              2002
            </a>
          </td>
          <td>
            <a
              href="http://en.wikipedia.org/wiki/Michael_Schumacher"
            >
              Michael Schumacher
            </a>
          </td>
        </tr>
        <tr
          class=""
        >
          <td>
            <b>
              ...
            </b>
          </td>
          <td>
            <a
              href="https://en.wikipedia.org/wiki/2003_Formula_One_season"
            >
              2003
            </a>
          </td>
          <td>
            <a
              href="http://en.wikipedia.org/wiki/Michael_Schumacher"
            >
              Michael Schumacher
            </a>
          </td>
        </tr>
        <tr
          class=""
        >
          <td>
            <b>
              ...
            </b>
          </td>
          <td>
            <a
              href="https://en.wikipedia.org/wiki/2004_Formula_One_season"
            >
              2004
            </a>
          </td>
          <td>
            <a
              href="http://en.wikipedia.org/wiki/Michael_Schumacher"
            >
              Michael Schumacher
            </a>
          </td>
        </tr>
        <tr
          class=""
        >
          <td>
            <b>
              ...
            </b>
          </td>
          <td>
            <a
              href="https://en.wikipedia.org/wiki/2005_Formula_One_season"
            >
              2005
            </a>
          </td>
          <td>
            <a
              href="http://en.wikipedia.org/wiki/Fernando_Alonso"
            >
              Fernando Alonso
            </a>
          </td>
        </tr>
        <tr
          class=""
        >
          <td>
            <b>
              ...
            </b>
          </td>
          <td>
            <a
              href="https://en.wikipedia.org/wiki/2006_Formula_One_season"
            >
              2006
            </a>
          </td>
          <td>
            <a
              href="http://en.wikipedia.org/wiki/Fernando_Alonso"
            >
              Fernando Alonso
            </a>
          </td>
        </tr>
        <tr
          class=""
        >
          <td>
            <b>
              ...
            </b>
          </td>
          <td>
            <a
              href="https://en.wikipedia.org/wiki/2007_Formula_One_season"
            >
              2007
            </a>
          </td>
          <td>
            <a
              href="http://en.wikipedia.org/wiki/Kimi_R%C3%A4ikk%C3%B6nen"
            >
              Kimi Räikkönen
            </a>
          </td>
        </tr>
        <tr
          class=""
        >
          <td>
            <b>
              ...
            </b>
          </td>
          <td>
            <a
              href="https://en.wikipedia.org/wiki/2008_Formula_One_season"
            >
              2008
            </a>
          </td>
          <td>
            <a
              href="http://en.wikipedia.org/wiki/Lewis_Hamilton"
            >
              Lewis Hamilton
            </a>
          </td>
        </tr>
        <tr
          class=""
        >
          <td>
            <b>
              ...
            </b>
          </td>
          <td>
            <a
              href="https://en.wikipedia.org/wiki/2009_Formula_One_season"
            >
              2009
            </a>
          </td>
          <td>
            <a
              href="http://en.wikipedia.org/wiki/Jenson_Button"
            >
              Jenson Button
            </a>
          </td>
        </tr>
        <tr
          class=""
        >
          <td>
            <b>
              ...
            </b>
          </td>
          <td>
            <a
              href="https://en.wikipedia.org/wiki/2010_Formula_One_season"
            >
              2010
            </a>
          </td>
          <td>
            <a
              href="http://en.wikipedia.org/wiki/Sebastian_Vettel"
            >
              Sebastian Vettel
            </a>
          </td>
        </tr>
        <tr
          class=""
        >
          <td>
            <b>
              ...
            </b>
          </td>
          <td>
            <a
              href="https://en.wikipedia.org/wiki/2011_Formula_One_season"
            >
              2011
            </a>
          </td>
          <td>
            <a
              href="http://en.wikipedia.org/wiki/Sebastian_Vettel"
            >
              Sebastian Vettel
            </a>
          </td>
        </tr>
        <tr
          class=""
        >
          <td>
            <b>
              ...
            </b>
          </td>
          <td>
            <a
              href="https://en.wikipedia.org/wiki/2012_Formula_One_season"
            >
              2012
            </a>
          </td>
          <td>
            <a
              href="http://en.wikipedia.org/wiki/Sebastian_Vettel"
            >
              Sebastian Vettel
            </a>
          </td>
        </tr>
        <tr
          class=""
        >
          <td>
            <b>
              ...
            </b>
          </td>
          <td>
            <a
              href="https://en.wikipedia.org/wiki/2013_Formula_One_season"
            >
              2013
            </a>
          </td>
          <td>
            <a
              href="http://en.wikipedia.org/wiki/Sebastian_Vettel"
            >
              Sebastian Vettel
            </a>
          </td>
        </tr>
        <tr
          class=""
        >
          <td>
            <b>
              ...
            </b>
          </td>
          <td>
            <a
              href="https://en.wikipedia.org/wiki/2014_Formula_One_season"
            >
              2014
            </a>
          </td>
          <td>
            <a
              href="http://en.wikipedia.org/wiki/Lewis_Hamilton"
            >
              Lewis Hamilton
            </a>
          </td>
        </tr>
        <tr
          class=""
        >
          <td>
            <b>
              ...
            </b>
          </td>
          <td>
            <a
              href="https://en.wikipedia.org/wiki/2015_Formula_One_season"
            >
              2015
            </a>
          </td>
          <td>
            <a
              href="http://en.wikipedia.org/wiki/Lewis_Hamilton"
            >
              Lewis Hamilton
            </a>
          </td>
        </tr>
      </tbody>
    </table>
  </div>
</div>
`;
